[0.008s] Invoking command in '/home/danh/Pro_1_ws/build/project_1': CMAKE_PREFIX_PATH=${CMAKE_PREFIX_PATH}:/opt/ros/humble /usr/bin/cmake /home/danh/Pro_1_ws/src/project_1 -DCMAKE_INSTALL_PREFIX=/home/danh/Pro_1_ws/install/project_1
[0.054s] -- The C compiler identification is GNU 11.4.0
[0.098s] -- The CXX compiler identification is GNU 11.4.0
[0.104s] -- Detecting C compiler ABI info
[0.162s] -- Detecting C compiler ABI info - done
[0.167s] -- Check for working C compiler: /usr/bin/cc - skipped
[0.167s] -- Detecting C compile features
[0.167s] -- Detecting C compile features - done
[0.170s] -- Detecting CXX compiler ABI info
[0.234s] -- Detecting CXX compiler ABI info - done
[0.240s] -- Check for working CXX compiler: /usr/bin/c++ - skipped
[0.240s] -- Detecting CXX compile features
[0.240s] -- Detecting CXX compile features - done
[0.243s] -- Found ament_cmake: 1.3.14 (/opt/ros/humble/share/ament_cmake/cmake)
[0.359s] -- Found Python3: /usr/bin/python3 (found version "3.10.12") found components: Interpreter 
[0.438s] -- Found rclcpp: 16.0.19 (/opt/ros/humble/share/rclcpp/cmake)
[0.479s] -- Found rosidl_generator_c: 3.1.8 (/opt/ros/humble/share/rosidl_generator_c/cmake)
[0.484s] -- Found rosidl_adapter: 3.1.8 (/opt/ros/humble/share/rosidl_adapter/cmake)
[0.493s] -- Found rosidl_generator_cpp: 3.1.8 (/opt/ros/humble/share/rosidl_generator_cpp/cmake)
[0.503s] -- Using all available rosidl_typesupport_c: rosidl_typesupport_fastrtps_c;rosidl_typesupport_introspection_c
[0.517s] -- Using all available rosidl_typesupport_cpp: rosidl_typesupport_fastrtps_cpp;rosidl_typesupport_introspection_cpp
[0.558s] -- Found rmw_implementation_cmake: 6.1.2 (/opt/ros/humble/share/rmw_implementation_cmake/cmake)
[0.561s] -- Found rmw_fastrtps_cpp: 6.2.10 (/opt/ros/humble/share/rmw_fastrtps_cpp/cmake)
[0.640s] -- Found OpenSSL: /usr/lib/x86_64-linux-gnu/libcrypto.so (found version "3.0.2")  
[0.663s] -- Found FastRTPS: /opt/ros/humble/include  
[0.699s] -- Using RMW implementation 'rmw_fastrtps_cpp' as default
[0.708s] -- Looking for pthread.h
[0.769s] -- Looking for pthread.h - found
[0.769s] -- Performing Test CMAKE_HAVE_LIBC_PTHREAD
[0.829s] -- Performing Test CMAKE_HAVE_LIBC_PTHREAD - Success
[0.830s] -- Found Threads: TRUE  
[0.871s] -- Found rclpy: 3.3.21 (/opt/ros/humble/share/rclpy/cmake)
[0.873s] -- Found ament_lint_auto: 0.12.15 (/opt/ros/humble/share/ament_lint_auto/cmake)
[0.937s] -- Added test 'lint_cmake' to check CMake code style
[0.938s] -- Added test 'xmllint' to check XML markup files
[0.939s] -- Configuring done
[0.943s] -- Generating done
[0.945s] -- Build files have been written to: /home/danh/Pro_1_ws/build/project_1
[0.952s] Invoked command in '/home/danh/Pro_1_ws/build/project_1' returned '0': CMAKE_PREFIX_PATH=${CMAKE_PREFIX_PATH}:/opt/ros/humble /usr/bin/cmake /home/danh/Pro_1_ws/src/project_1 -DCMAKE_INSTALL_PREFIX=/home/danh/Pro_1_ws/install/project_1
[0.954s] Invoking command in '/home/danh/Pro_1_ws/build/project_1': CMAKE_PREFIX_PATH=${CMAKE_PREFIX_PATH}:/opt/ros/humble /usr/bin/cmake --build /home/danh/Pro_1_ws/build/project_1 -- -j16 -l16
[0.988s] Invoked command in '/home/danh/Pro_1_ws/build/project_1' returned '0': CMAKE_PREFIX_PATH=${CMAKE_PREFIX_PATH}:/opt/ros/humble /usr/bin/cmake --build /home/danh/Pro_1_ws/build/project_1 -- -j16 -l16
[0.996s] Invoking command in '/home/danh/Pro_1_ws/build/project_1': CMAKE_PREFIX_PATH=${CMAKE_PREFIX_PATH}:/opt/ros/humble /usr/bin/cmake --install /home/danh/Pro_1_ws/build/project_1
[1.002s] -- Install configuration: ""
[1.002s] -- Installing: /home/danh/Pro_1_ws/install/project_1/share/ament_index/resource_index/package_run_dependencies/project_1
[1.002s] -- Installing: /home/danh/Pro_1_ws/install/project_1/share/ament_index/resource_index/parent_prefix_path/project_1
[1.003s] -- Installing: /home/danh/Pro_1_ws/install/project_1/share/project_1/environment/ament_prefix_path.sh
[1.003s] -- Installing: /home/danh/Pro_1_ws/install/project_1/share/project_1/environment/ament_prefix_path.dsv
[1.003s] -- Installing: /home/danh/Pro_1_ws/install/project_1/share/project_1/environment/path.sh
[1.003s] -- Installing: /home/danh/Pro_1_ws/install/project_1/share/project_1/environment/path.dsv
[1.003s] -- Installing: /home/danh/Pro_1_ws/install/project_1/share/project_1/local_setup.bash
[1.003s] -- Installing: /home/danh/Pro_1_ws/install/project_1/share/project_1/local_setup.sh
[1.003s] -- Installing: /home/danh/Pro_1_ws/install/project_1/share/project_1/local_setup.zsh
[1.004s] -- Installing: /home/danh/Pro_1_ws/install/project_1/share/project_1/local_setup.dsv
[1.004s] -- Installing: /home/danh/Pro_1_ws/install/project_1/share/project_1/package.dsv
[1.004s] -- Installing: /home/danh/Pro_1_ws/install/project_1/share/ament_index/resource_index/packages/project_1
[1.004s] -- Installing: /home/danh/Pro_1_ws/install/project_1/share/project_1/cmake/project_1Config.cmake
[1.004s] -- Installing: /home/danh/Pro_1_ws/install/project_1/share/project_1/cmake/project_1Config-version.cmake
[1.004s] -- Installing: /home/danh/Pro_1_ws/install/project_1/share/project_1/package.xml
[1.006s] Invoked command in '/home/danh/Pro_1_ws/build/project_1' returned '0': CMAKE_PREFIX_PATH=${CMAKE_PREFIX_PATH}:/opt/ros/humble /usr/bin/cmake --install /home/danh/Pro_1_ws/build/project_1
