-- Install configuration: ""
-- Up-to-date: /home/danh/Pro_1_ws/install/project_1/lib/project_1/zlac_odom_node.py
-- Up-to-date: /home/danh/Pro_1_ws/install/project_1/lib/project_1/zlac8015d_driver.py
-- Up-to-date: /home/danh/Pro_1_ws/install/project_1/lib/project_1/1_test_quay_1_banh.py
-- Installing: /home/danh/Pro_1_ws/install/project_1/lib/project_1/test.py
-- Up-to-date: /home/danh/Pro_1_ws/install/project_1/share/ament_index/resource_index/package_run_dependencies/project_1
-- Up-to-date: /home/danh/Pro_1_ws/install/project_1/share/ament_index/resource_index/parent_prefix_path/project_1
-- Up-to-date: /home/danh/Pro_1_ws/install/project_1/share/project_1/environment/ament_prefix_path.sh
-- Up-to-date: /home/danh/Pro_1_ws/install/project_1/share/project_1/environment/ament_prefix_path.dsv
-- Up-to-date: /home/danh/Pro_1_ws/install/project_1/share/project_1/environment/path.sh
-- Up-to-date: /home/danh/Pro_1_ws/install/project_1/share/project_1/environment/path.dsv
-- Up-to-date: /home/danh/Pro_1_ws/install/project_1/share/project_1/local_setup.bash
-- Up-to-date: /home/danh/Pro_1_ws/install/project_1/share/project_1/local_setup.sh
-- Up-to-date: /home/danh/Pro_1_ws/install/project_1/share/project_1/local_setup.zsh
-- Up-to-date: /home/danh/Pro_1_ws/install/project_1/share/project_1/local_setup.dsv
-- Installing: /home/danh/Pro_1_ws/install/project_1/share/project_1/package.dsv
-- Up-to-date: /home/danh/Pro_1_ws/install/project_1/share/ament_index/resource_index/packages/project_1
-- Up-to-date: /home/danh/Pro_1_ws/install/project_1/share/project_1/cmake/project_1Config.cmake
-- Up-to-date: /home/danh/Pro_1_ws/install/project_1/share/project_1/cmake/project_1Config-version.cmake
-- Up-to-date: /home/danh/Pro_1_ws/install/project_1/share/project_1/package.xml
