[0.107s] DEBUG:colcon:Command line arguments: ['/usr/bin/colcon', 'build']
[0.107s] DEBUG:colcon:Parsed command line arguments: Namespace(log_base=None, log_level=None, verb_name='build', build_base='build', install_base='install', merge_install=False, symlink_install=False, test_result_base=None, continue_on_error=False, executor='parallel', parallel_workers=12, event_handlers=None, ignore_user_meta=False, metas=['./colcon.meta'], base_paths=['.'], packages_ignore=None, packages_ignore_regex=None, paths=None, packages_up_to=None, packages_up_to_regex=None, packages_above=None, packages_above_and_dependencies=None, packages_above_depth=None, packages_select_by_dep=None, packages_skip_by_dep=None, packages_skip_up_to=None, packages_select_build_failed=False, packages_skip_build_finished=False, packages_select_test_failures=False, packages_skip_test_passed=False, packages_select=None, packages_skip=None, packages_select_regex=None, packages_skip_regex=None, packages_start=None, packages_end=None, allow_overriding=[], cmake_args=None, cmake_target=None, cmake_target_skip_unavailable=False, cmake_clean_cache=False, cmake_clean_first=False, cmake_force_configure=False, ament_cmake_args=None, catkin_cmake_args=None, catkin_skip_building_tests=False, mixin_files=None, mixin=None, verb_parser=<colcon_mixin.mixin.mixin_argument.MixinArgumentDecorator object at 0x71cbf89cdf00>, verb_extension=<colcon_core.verb.build.BuildVerb object at 0x71cbf89cda50>, main=<bound method BuildVerb.main of <colcon_core.verb.build.BuildVerb object at 0x71cbf89cda50>>, mixin_verb=('build',))
[0.301s] Level 1:colcon.colcon_core.package_discovery:discover_packages(colcon_meta) check parameters
[0.301s] Level 1:colcon.colcon_core.package_discovery:discover_packages(recursive) check parameters
[0.301s] Level 1:colcon.colcon_core.package_discovery:discover_packages(ignore) check parameters
[0.301s] Level 1:colcon.colcon_core.package_discovery:discover_packages(path) check parameters
[0.301s] Level 1:colcon.colcon_core.package_discovery:discover_packages(colcon_meta) discover
[0.301s] Level 1:colcon.colcon_core.package_discovery:discover_packages(recursive) discover
[0.302s] INFO:colcon.colcon_core.package_discovery:Crawling recursively for packages in '/home/nhuypham/ros2_ws/src/waypoint'
[0.302s] Level 1:colcon.colcon_core.package_identification:_identify(.) by extensions ['ignore', 'ignore_ament_install']
[0.302s] Level 1:colcon.colcon_core.package_identification:_identify(.) by extension 'ignore'
[0.302s] Level 1:colcon.colcon_core.package_identification:_identify(.) by extension 'ignore_ament_install'
[0.302s] Level 1:colcon.colcon_core.package_identification:_identify(.) by extensions ['colcon_pkg']
[0.302s] Level 1:colcon.colcon_core.package_identification:_identify(.) by extension 'colcon_pkg'
[0.302s] Level 1:colcon.colcon_core.package_identification:_identify(.) by extensions ['colcon_meta']
[0.302s] Level 1:colcon.colcon_core.package_identification:_identify(.) by extension 'colcon_meta'
[0.302s] Level 1:colcon.colcon_core.package_identification:_identify(.) by extensions ['ros']
[0.302s] Level 1:colcon.colcon_core.package_identification:_identify(.) by extension 'ros'
[0.313s] DEBUG:colcon.colcon_core.package_identification:Package '.' with type 'ros.ament_cmake' and name 'waypoint'
[0.314s] Level 1:colcon.colcon_core.package_discovery:discover_packages(recursive) using defaults
[0.314s] Level 1:colcon.colcon_core.package_discovery:discover_packages(ignore) discover
[0.314s] Level 1:colcon.colcon_core.package_discovery:discover_packages(ignore) using defaults
[0.314s] Level 1:colcon.colcon_core.package_discovery:discover_packages(path) discover
[0.314s] Level 1:colcon.colcon_core.package_discovery:discover_packages(path) using defaults
[0.345s] Level 1:colcon.colcon_core.package_discovery:discover_packages(prefix_path) check parameters
[0.345s] Level 1:colcon.colcon_core.package_discovery:discover_packages(prefix_path) discover
[0.347s] DEBUG:colcon.colcon_installed_package_information.package_discovery:Found 1 installed packages in /home/nhuypham/test_ws/install
[0.348s] DEBUG:colcon.colcon_installed_package_information.package_discovery:Found 3 installed packages in /home/nhuypham/ros2_ws/install
[0.349s] DEBUG:colcon.colcon_installed_package_information.package_discovery:Found 287 installed packages in /opt/ros/humble
[0.350s] Level 1:colcon.colcon_core.package_discovery:discover_packages(prefix_path) using defaults
[0.382s] Level 5:colcon.colcon_core.verb:set package 'waypoint' build argument 'cmake_args' from command line to 'None'
[0.382s] Level 5:colcon.colcon_core.verb:set package 'waypoint' build argument 'cmake_target' from command line to 'None'
[0.382s] Level 5:colcon.colcon_core.verb:set package 'waypoint' build argument 'cmake_target_skip_unavailable' from command line to 'False'
[0.382s] Level 5:colcon.colcon_core.verb:set package 'waypoint' build argument 'cmake_clean_cache' from command line to 'False'
[0.382s] Level 5:colcon.colcon_core.verb:set package 'waypoint' build argument 'cmake_clean_first' from command line to 'False'
[0.382s] Level 5:colcon.colcon_core.verb:set package 'waypoint' build argument 'cmake_force_configure' from command line to 'False'
[0.382s] Level 5:colcon.colcon_core.verb:set package 'waypoint' build argument 'ament_cmake_args' from command line to 'None'
[0.382s] Level 5:colcon.colcon_core.verb:set package 'waypoint' build argument 'catkin_cmake_args' from command line to 'None'
[0.382s] Level 5:colcon.colcon_core.verb:set package 'waypoint' build argument 'catkin_skip_building_tests' from command line to 'False'
[0.383s] DEBUG:colcon.colcon_core.verb:Building package 'waypoint' with the following arguments: {'ament_cmake_args': None, 'build_base': '/home/nhuypham/ros2_ws/src/waypoint/build/waypoint', 'catkin_cmake_args': None, 'catkin_skip_building_tests': False, 'cmake_args': None, 'cmake_clean_cache': False, 'cmake_clean_first': False, 'cmake_force_configure': False, 'cmake_target': None, 'cmake_target_skip_unavailable': False, 'install_base': '/home/nhuypham/ros2_ws/src/waypoint/install/waypoint', 'merge_install': False, 'path': '/home/nhuypham/ros2_ws/src/waypoint', 'symlink_install': False, 'test_result_base': None}
[0.383s] INFO:colcon.colcon_core.executor:Executing jobs using 'parallel' executor
[0.384s] DEBUG:colcon.colcon_parallel_executor.executor.parallel:run_until_complete
[0.384s] INFO:colcon.colcon_ros.task.ament_cmake.build:Building ROS package in '/home/nhuypham/ros2_ws/src/waypoint' with build type 'ament_cmake'
[0.384s] INFO:colcon.colcon_cmake.task.cmake.build:Building CMake package in '/home/nhuypham/ros2_ws/src/waypoint'
[0.387s] INFO:colcon.colcon_core.plugin_system:Skipping extension 'colcon_core.shell.bat': Not used on non-Windows systems
[0.387s] INFO:colcon.colcon_core.shell:Skip shell extension 'powershell' for command environment: Not usable outside of PowerShell
[0.387s] DEBUG:colcon.colcon_core.shell:Skip shell extension 'dsv' for command environment
[0.395s] DEBUG:colcon.colcon_core.event_handler.log_command:Invoking command in '/home/nhuypham/ros2_ws/src/waypoint/build/waypoint': CMAKE_PREFIX_PATH=${CMAKE_PREFIX_PATH}:/opt/ros/humble /usr/bin/cmake /home/nhuypham/ros2_ws/src/waypoint -DCMAKE_INSTALL_PREFIX=/home/nhuypham/ros2_ws/src/waypoint/install/waypoint
[1.227s] DEBUG:colcon.colcon_core.event_handler.log_command:Invoked command in '/home/nhuypham/ros2_ws/src/waypoint/build/waypoint' returned '0': CMAKE_PREFIX_PATH=${CMAKE_PREFIX_PATH}:/opt/ros/humble /usr/bin/cmake /home/nhuypham/ros2_ws/src/waypoint -DCMAKE_INSTALL_PREFIX=/home/nhuypham/ros2_ws/src/waypoint/install/waypoint
[1.229s] DEBUG:colcon.colcon_core.event_handler.log_command:Invoking command in '/home/nhuypham/ros2_ws/src/waypoint/build/waypoint': CMAKE_PREFIX_PATH=${CMAKE_PREFIX_PATH}:/opt/ros/humble /usr/bin/cmake --build /home/nhuypham/ros2_ws/src/waypoint/build/waypoint -- -j12 -l12
[1.280s] DEBUG:colcon.colcon_core.event_handler.log_command:Invoked command in '/home/nhuypham/ros2_ws/src/waypoint/build/waypoint' returned '0': CMAKE_PREFIX_PATH=${CMAKE_PREFIX_PATH}:/opt/ros/humble /usr/bin/cmake --build /home/nhuypham/ros2_ws/src/waypoint/build/waypoint -- -j12 -l12
[1.292s] DEBUG:colcon.colcon_core.event_handler.log_command:Invoking command in '/home/nhuypham/ros2_ws/src/waypoint/build/waypoint': CMAKE_PREFIX_PATH=${CMAKE_PREFIX_PATH}:/opt/ros/humble /usr/bin/cmake --install /home/nhuypham/ros2_ws/src/waypoint/build/waypoint
[1.310s] Level 1:colcon.colcon_core.environment:create_environment_scripts_only(waypoint)
[1.310s] DEBUG:colcon.colcon_core.event_handler.log_command:Invoked command in '/home/nhuypham/ros2_ws/src/waypoint/build/waypoint' returned '0': CMAKE_PREFIX_PATH=${CMAKE_PREFIX_PATH}:/opt/ros/humble /usr/bin/cmake --install /home/nhuypham/ros2_ws/src/waypoint/build/waypoint
[1.314s] Level 1:colcon.colcon_core.environment:checking '/home/nhuypham/ros2_ws/src/waypoint/install/waypoint' for CMake module files
[1.314s] Level 1:colcon.colcon_core.environment:checking '/home/nhuypham/ros2_ws/src/waypoint/install/waypoint' for CMake config files
[1.315s] Level 1:colcon.colcon_core.shell:create_environment_hook('waypoint', 'cmake_prefix_path')
[1.315s] INFO:colcon.colcon_core.shell:Creating environment hook '/home/nhuypham/ros2_ws/src/waypoint/install/waypoint/share/waypoint/hook/cmake_prefix_path.ps1'
[1.316s] INFO:colcon.colcon_core.shell:Creating environment descriptor '/home/nhuypham/ros2_ws/src/waypoint/install/waypoint/share/waypoint/hook/cmake_prefix_path.dsv'
[1.316s] INFO:colcon.colcon_core.shell:Creating environment hook '/home/nhuypham/ros2_ws/src/waypoint/install/waypoint/share/waypoint/hook/cmake_prefix_path.sh'
[1.317s] Level 1:colcon.colcon_core.environment:checking '/home/nhuypham/ros2_ws/src/waypoint/install/waypoint/bin'
[1.317s] Level 1:colcon.colcon_core.environment:checking '/home/nhuypham/ros2_ws/src/waypoint/install/waypoint/lib/pkgconfig/waypoint.pc'
[1.317s] Level 1:colcon.colcon_core.environment:checking '/home/nhuypham/ros2_ws/src/waypoint/install/waypoint/lib/python3.10/site-packages'
[1.317s] Level 1:colcon.colcon_core.environment:checking '/home/nhuypham/ros2_ws/src/waypoint/install/waypoint/bin'
[1.317s] INFO:colcon.colcon_core.shell:Creating package script '/home/nhuypham/ros2_ws/src/waypoint/install/waypoint/share/waypoint/package.ps1'
[1.318s] INFO:colcon.colcon_core.shell:Creating package descriptor '/home/nhuypham/ros2_ws/src/waypoint/install/waypoint/share/waypoint/package.dsv'
[1.319s] INFO:colcon.colcon_core.shell:Creating package script '/home/nhuypham/ros2_ws/src/waypoint/install/waypoint/share/waypoint/package.sh'
[1.319s] INFO:colcon.colcon_core.shell:Creating package script '/home/nhuypham/ros2_ws/src/waypoint/install/waypoint/share/waypoint/package.bash'
[1.320s] INFO:colcon.colcon_core.shell:Creating package script '/home/nhuypham/ros2_ws/src/waypoint/install/waypoint/share/waypoint/package.zsh'
[1.320s] Level 1:colcon.colcon_core.environment:create_file_with_runtime_dependencies(/home/nhuypham/ros2_ws/src/waypoint/install/waypoint/share/colcon-core/packages/waypoint)
[1.321s] Level 1:colcon.colcon_core.environment:create_environment_scripts_only(waypoint)
[1.321s] Level 1:colcon.colcon_core.environment:checking '/home/nhuypham/ros2_ws/src/waypoint/install/waypoint' for CMake module files
[1.321s] Level 1:colcon.colcon_core.environment:checking '/home/nhuypham/ros2_ws/src/waypoint/install/waypoint' for CMake config files
[1.322s] Level 1:colcon.colcon_core.shell:create_environment_hook('waypoint', 'cmake_prefix_path')
[1.322s] INFO:colcon.colcon_core.shell:Creating environment hook '/home/nhuypham/ros2_ws/src/waypoint/install/waypoint/share/waypoint/hook/cmake_prefix_path.ps1'
[1.322s] INFO:colcon.colcon_core.shell:Creating environment descriptor '/home/nhuypham/ros2_ws/src/waypoint/install/waypoint/share/waypoint/hook/cmake_prefix_path.dsv'
[1.322s] INFO:colcon.colcon_core.shell:Creating environment hook '/home/nhuypham/ros2_ws/src/waypoint/install/waypoint/share/waypoint/hook/cmake_prefix_path.sh'
[1.323s] Level 1:colcon.colcon_core.environment:checking '/home/nhuypham/ros2_ws/src/waypoint/install/waypoint/bin'
[1.323s] Level 1:colcon.colcon_core.environment:checking '/home/nhuypham/ros2_ws/src/waypoint/install/waypoint/lib/pkgconfig/waypoint.pc'
[1.323s] Level 1:colcon.colcon_core.environment:checking '/home/nhuypham/ros2_ws/src/waypoint/install/waypoint/lib/python3.10/site-packages'
[1.323s] Level 1:colcon.colcon_core.environment:checking '/home/nhuypham/ros2_ws/src/waypoint/install/waypoint/bin'
[1.323s] INFO:colcon.colcon_core.shell:Creating package script '/home/nhuypham/ros2_ws/src/waypoint/install/waypoint/share/waypoint/package.ps1'
[1.324s] INFO:colcon.colcon_core.shell:Creating package descriptor '/home/nhuypham/ros2_ws/src/waypoint/install/waypoint/share/waypoint/package.dsv'
[1.324s] INFO:colcon.colcon_core.shell:Creating package script '/home/nhuypham/ros2_ws/src/waypoint/install/waypoint/share/waypoint/package.sh'
[1.324s] INFO:colcon.colcon_core.shell:Creating package script '/home/nhuypham/ros2_ws/src/waypoint/install/waypoint/share/waypoint/package.bash'
[1.325s] INFO:colcon.colcon_core.shell:Creating package script '/home/nhuypham/ros2_ws/src/waypoint/install/waypoint/share/waypoint/package.zsh'
[1.325s] Level 1:colcon.colcon_core.environment:create_file_with_runtime_dependencies(/home/nhuypham/ros2_ws/src/waypoint/install/waypoint/share/colcon-core/packages/waypoint)
[1.325s] DEBUG:colcon.colcon_parallel_executor.executor.parallel:closing loop
[1.325s] DEBUG:colcon.colcon_parallel_executor.executor.parallel:loop closed
[1.326s] DEBUG:colcon.colcon_parallel_executor.executor.parallel:run_until_complete finished with '0'
[1.326s] DEBUG:colcon.colcon_core.event_reactor:joining thread
[1.331s] INFO:colcon.colcon_core.plugin_system:Skipping extension 'colcon_notification.desktop_notification.terminal_notifier': Not used on non-Darwin systems
[1.331s] INFO:colcon.colcon_core.plugin_system:Skipping extension 'colcon_notification.desktop_notification.win32': Not used on non-Windows systems
[1.331s] INFO:colcon.colcon_notification.desktop_notification:Sending desktop notification using 'notify2'
[1.347s] DEBUG:colcon.colcon_core.event_reactor:joined thread
[1.347s] INFO:colcon.colcon_core.shell:Creating prefix script '/home/nhuypham/ros2_ws/src/waypoint/install/local_setup.ps1'
[1.348s] INFO:colcon.colcon_core.shell:Creating prefix util module '/home/nhuypham/ros2_ws/src/waypoint/install/_local_setup_util_ps1.py'
[1.350s] INFO:colcon.colcon_core.shell:Creating prefix chain script '/home/nhuypham/ros2_ws/src/waypoint/install/setup.ps1'
[1.352s] INFO:colcon.colcon_core.shell:Creating prefix script '/home/nhuypham/ros2_ws/src/waypoint/install/local_setup.sh'
[1.352s] INFO:colcon.colcon_core.shell:Creating prefix util module '/home/nhuypham/ros2_ws/src/waypoint/install/_local_setup_util_sh.py'
[1.353s] INFO:colcon.colcon_core.shell:Creating prefix chain script '/home/nhuypham/ros2_ws/src/waypoint/install/setup.sh'
[1.354s] INFO:colcon.colcon_core.shell:Creating prefix script '/home/nhuypham/ros2_ws/src/waypoint/install/local_setup.bash'
[1.354s] INFO:colcon.colcon_core.shell:Creating prefix chain script '/home/nhuypham/ros2_ws/src/waypoint/install/setup.bash'
[1.356s] INFO:colcon.colcon_core.shell:Creating prefix script '/home/nhuypham/ros2_ws/src/waypoint/install/local_setup.zsh'
[1.356s] INFO:colcon.colcon_core.shell:Creating prefix chain script '/home/nhuypham/ros2_ws/src/waypoint/install/setup.zsh'
