[0.011s] Invoking command in '/home/nhuypham/ros2_ws/src/waypoint/build/waypoint': CMAKE_PREFIX_PATH=${CMAKE_PREFIX_PATH}:/opt/ros/humble /usr/bin/cmake /home/nhuypham/ros2_ws/src/waypoint -DCMAKE_INSTALL_PREFIX=/home/nhuypham/ros2_ws/src/waypoint/install/waypoint
[0.118s] -- The C compiler identification is GNU 11.4.0
[0.214s] -- The CXX compiler identification is GNU 11.4.0
[0.227s] -- Detecting C compiler ABI info
[0.319s] -- Detecting C compiler ABI info - done
[0.328s] -- Check for working C compiler: /usr/bin/cc - skipped
[0.328s] -- Detecting C compile features
[0.329s] -- Detecting C compile features - done
[0.333s] -- Detecting CXX compiler ABI info
[0.453s] -- Detecting CXX compiler ABI info - done
[0.460s] -- Check for working CXX compiler: /usr/bin/c++ - skipped
[0.460s] -- Detecting CXX compile features
[0.460s] -- Detecting CXX compile features - done
[0.468s] -- Found ament_cmake: 1.3.11 (/opt/ros/humble/share/ament_cmake/cmake)
[0.632s] -- Found Python3: /usr/bin/python3 (found version "3.10.12") found components: Interpreter 
[0.730s] -- Found ament_lint_auto: 0.12.12 (/opt/ros/humble/share/ament_lint_auto/cmake)
[0.811s] -- Added test 'cppcheck' to perform static code analysis on C / C++ code
[0.811s] -- Configured cppcheck include dirs: 
[0.811s] -- Configured cppcheck exclude dirs and/or files: 
[0.814s] -- Added test 'flake8' to check Python code syntax and style conventions
[0.817s] -- Added test 'lint_cmake' to check CMake code style
[0.818s] -- Added test 'pep257' to check Python code against some of the docstring style conventions in PEP 257
[0.825s] -- Added test 'uncrustify' to check C / C++ code style
[0.825s] -- Configured uncrustify additional arguments: 
[0.827s] -- Added test 'xmllint' to check XML markup files
[0.828s] -- Configuring done
[0.832s] -- Generating done
[0.833s] -- Build files have been written to: /home/nhuypham/ros2_ws/src/waypoint/build/waypoint
[0.842s] Invoked command in '/home/nhuypham/ros2_ws/src/waypoint/build/waypoint' returned '0': CMAKE_PREFIX_PATH=${CMAKE_PREFIX_PATH}:/opt/ros/humble /usr/bin/cmake /home/nhuypham/ros2_ws/src/waypoint -DCMAKE_INSTALL_PREFIX=/home/nhuypham/ros2_ws/src/waypoint/install/waypoint
[0.845s] Invoking command in '/home/nhuypham/ros2_ws/src/waypoint/build/waypoint': CMAKE_PREFIX_PATH=${CMAKE_PREFIX_PATH}:/opt/ros/humble /usr/bin/cmake --build /home/nhuypham/ros2_ws/src/waypoint/build/waypoint -- -j12 -l12
[0.895s] Invoked command in '/home/nhuypham/ros2_ws/src/waypoint/build/waypoint' returned '0': CMAKE_PREFIX_PATH=${CMAKE_PREFIX_PATH}:/opt/ros/humble /usr/bin/cmake --build /home/nhuypham/ros2_ws/src/waypoint/build/waypoint -- -j12 -l12
[0.908s] Invoking command in '/home/nhuypham/ros2_ws/src/waypoint/build/waypoint': CMAKE_PREFIX_PATH=${CMAKE_PREFIX_PATH}:/opt/ros/humble /usr/bin/cmake --install /home/nhuypham/ros2_ws/src/waypoint/build/waypoint
[0.921s] -- Install configuration: ""
[0.921s] -- Installing: /home/nhuypham/ros2_ws/src/waypoint/install/waypoint/share/ament_index/resource_index/package_run_dependencies/waypoint
[0.921s] -- Installing: /home/nhuypham/ros2_ws/src/waypoint/install/waypoint/share/ament_index/resource_index/parent_prefix_path/waypoint
[0.921s] -- Installing: /home/nhuypham/ros2_ws/src/waypoint/install/waypoint/share/waypoint/environment/ament_prefix_path.sh
[0.921s] -- Installing: /home/nhuypham/ros2_ws/src/waypoint/install/waypoint/share/waypoint/environment/ament_prefix_path.dsv
[0.921s] -- Installing: /home/nhuypham/ros2_ws/src/waypoint/install/waypoint/share/waypoint/environment/path.sh
[0.921s] -- Installing: /home/nhuypham/ros2_ws/src/waypoint/install/waypoint/share/waypoint/environment/path.dsv
[0.922s] -- Installing: /home/nhuypham/ros2_ws/src/waypoint/install/waypoint/share/waypoint/local_setup.bash
[0.922s] -- Installing: /home/nhuypham/ros2_ws/src/waypoint/install/waypoint/share/waypoint/local_setup.sh
[0.922s] -- Installing: /home/nhuypham/ros2_ws/src/waypoint/install/waypoint/share/waypoint/local_setup.zsh
[0.922s] -- Installing: /home/nhuypham/ros2_ws/src/waypoint/install/waypoint/share/waypoint/local_setup.dsv
[0.922s] -- Installing: /home/nhuypham/ros2_ws/src/waypoint/install/waypoint/share/waypoint/package.dsv
[0.922s] -- Installing: /home/nhuypham/ros2_ws/src/waypoint/install/waypoint/share/ament_index/resource_index/packages/waypoint
[0.923s] -- Installing: /home/nhuypham/ros2_ws/src/waypoint/install/waypoint/share/waypoint/cmake/waypointConfig.cmake
[0.923s] -- Installing: /home/nhuypham/ros2_ws/src/waypoint/install/waypoint/share/waypoint/cmake/waypointConfig-version.cmake
[0.923s] -- Installing: /home/nhuypham/ros2_ws/src/waypoint/install/waypoint/share/waypoint/package.xml
[0.926s] Invoked command in '/home/nhuypham/ros2_ws/src/waypoint/build/waypoint' returned '0': CMAKE_PREFIX_PATH=${CMAKE_PREFIX_PATH}:/opt/ros/humble /usr/bin/cmake --install /home/nhuypham/ros2_ws/src/waypoint/build/waypoint
