[0.015s] Invoking command in '/home/nhuypham/ros2_ws/src/waypoint/build/waypoint': CMAKE_PREFIX_PATH=${CMAKE_PREFIX_PATH}:/opt/ros/humble /usr/bin/cmake --build /home/nhuypham/ros2_ws/src/waypoint/build/waypoint -- -j12 -l12
[0.066s] Invoked command in '/home/nhuypham/ros2_ws/src/waypoint/build/waypoint' returned '0': CMAKE_PREFIX_PATH=${CMAKE_PREFIX_PATH}:/opt/ros/humble /usr/bin/cmake --build /home/nhuypham/ros2_ws/src/waypoint/build/waypoint -- -j12 -l12
[0.076s] Invoking command in '/home/nhuypham/ros2_ws/src/waypoint/build/waypoint': CMAKE_PREFIX_PATH=${CMAKE_PREFIX_PATH}:/opt/ros/humble /usr/bin/cmake --install /home/nhuypham/ros2_ws/src/waypoint/build/waypoint
[0.083s] -- Install configuration: ""
[0.083s] -- Up-to-date: /home/nhuypham/ros2_ws/src/waypoint/install/waypoint/share/ament_index/resource_index/package_run_dependencies/waypoint
[0.084s] -- Up-to-date: /home/nhuypham/ros2_ws/src/waypoint/install/waypoint/share/ament_index/resource_index/parent_prefix_path/waypoint
[0.084s] -- Up-to-date: /home/nhuypham/ros2_ws/src/waypoint/install/waypoint/share/waypoint/environment/ament_prefix_path.sh
[0.084s] -- Up-to-date: /home/nhuypham/ros2_ws/src/waypoint/install/waypoint/share/waypoint/environment/ament_prefix_path.dsv
[0.084s] -- Up-to-date: /home/nhuypham/ros2_ws/src/waypoint/install/waypoint/share/waypoint/environment/path.sh
[0.084s] -- Up-to-date: /home/nhuypham/ros2_ws/src/waypoint/install/waypoint/share/waypoint/environment/path.dsv
[0.084s] -- Up-to-date: /home/nhuypham/ros2_ws/src/waypoint/install/waypoint/share/waypoint/local_setup.bash
[0.084s] -- Up-to-date: /home/nhuypham/ros2_ws/src/waypoint/install/waypoint/share/waypoint/local_setup.sh
[0.084s] -- Up-to-date: /home/nhuypham/ros2_ws/src/waypoint/install/waypoint/share/waypoint/local_setup.zsh
[0.084s] -- Up-to-date: /home/nhuypham/ros2_ws/src/waypoint/install/waypoint/share/waypoint/local_setup.dsv
[0.084s] -- Up-to-date: /home/nhuypham/ros2_ws/src/waypoint/install/waypoint/share/waypoint/package.dsv
[0.084s] -- Up-to-date: /home/nhuypham/ros2_ws/src/waypoint/install/waypoint/share/ament_index/resource_index/packages/waypoint
[0.084s] -- Up-to-date: /home/nhuypham/ros2_ws/src/waypoint/install/waypoint/share/waypoint/cmake/waypointConfig.cmake
[0.084s] -- Up-to-date: /home/nhuypham/ros2_ws/src/waypoint/install/waypoint/share/waypoint/cmake/waypointConfig-version.cmake
[0.085s] -- Up-to-date: /home/nhuypham/ros2_ws/src/waypoint/install/waypoint/share/waypoint/package.xml
[0.085s] Invoked command in '/home/nhuypham/ros2_ws/src/waypoint/build/waypoint' returned '0': CMAKE_PREFIX_PATH=${CMAKE_PREFIX_PATH}:/opt/ros/humble /usr/bin/cmake --install /home/nhuypham/ros2_ws/src/waypoint/build/waypoint
