[0.009s] Invoking command in '/home/danh/Pro_1_ws/build/Project_1': CMAKE_PREFIX_PATH=${CMAKE_PREFIX_PATH}:/opt/ros/humble /usr/bin/cmake /home/danh/Pro_1_ws/src/Project_1 -DCMAKE_INSTALL_PREFIX=/home/danh/Pro_1_ws/install/Project_1
[0.107s] -- The C compiler identification is GNU 11.4.0
[0.180s] -- The CXX compiler identification is GNU 11.4.0
[0.188s] -- Detecting C compiler ABI info
[0.250s] -- Detecting C compiler ABI info - done
[0.255s] -- Check for working C compiler: /usr/bin/cc - skipped
[0.255s] -- Detecting C compile features
[0.256s] -- Detecting C compile features - done
[0.258s] -- Detecting CXX compiler ABI info
[0.324s] -- Detecting CXX compiler ABI info - done
[0.329s] -- Check for working CXX compiler: /usr/bin/c++ - skipped
[0.329s] -- Detecting CXX compile features
[0.330s] -- Detecting CXX compile features - done
[0.333s] -- Found ament_cmake: 1.3.14 (/opt/ros/humble/share/ament_cmake/cmake)
[0.454s] -- Found Python3: /usr/bin/python3 (found version "3.10.12") found components: Interpreter 
[0.543s] -- Found rclcpp: 16.0.19 (/opt/ros/humble/share/rclcpp/cmake)
[0.595s] -- Found rosidl_generator_c: 3.1.8 (/opt/ros/humble/share/rosidl_generator_c/cmake)
[0.601s] -- Found rosidl_adapter: 3.1.8 (/opt/ros/humble/share/rosidl_adapter/cmake)
[0.611s] -- Found rosidl_generator_cpp: 3.1.8 (/opt/ros/humble/share/rosidl_generator_cpp/cmake)
[0.624s] -- Using all available rosidl_typesupport_c: rosidl_typesupport_fastrtps_c;rosidl_typesupport_introspection_c
[0.642s] -- Using all available rosidl_typesupport_cpp: rosidl_typesupport_fastrtps_cpp;rosidl_typesupport_introspection_cpp
[0.693s] -- Found rmw_implementation_cmake: 6.1.2 (/opt/ros/humble/share/rmw_implementation_cmake/cmake)
[0.697s] -- Found rmw_fastrtps_cpp: 6.2.10 (/opt/ros/humble/share/rmw_fastrtps_cpp/cmake)
[0.783s] -- Found OpenSSL: /usr/lib/x86_64-linux-gnu/libcrypto.so (found version "3.0.2")  
[0.807s] -- Found FastRTPS: /opt/ros/humble/include  
[0.844s] -- Using RMW implementation 'rmw_fastrtps_cpp' as default
[0.856s] -- Looking for pthread.h
[0.924s] -- Looking for pthread.h - found
[0.924s] -- Performing Test CMAKE_HAVE_LIBC_PTHREAD
[0.984s] -- Performing Test CMAKE_HAVE_LIBC_PTHREAD - Success
[0.985s] -- Found Threads: TRUE  
[1.035s] -- Found rclpy: 3.3.21 (/opt/ros/humble/share/rclpy/cmake)
[1.038s] -- Found ament_lint_auto: 0.12.15 (/opt/ros/humble/share/ament_lint_auto/cmake)
[1.078s] WARNING: Package name "Project_1" does not follow the naming conventions. It should start with a lower case letter and only contain lower case letters, digits, underscores, and dashes.
[1.107s] -- Added test 'lint_cmake' to check CMake code style
[1.108s] -- Added test 'xmllint' to check XML markup files
[1.110s] -- Configuring done
[1.114s] -- Generating done
[1.115s] -- Build files have been written to: /home/danh/Pro_1_ws/build/Project_1
[1.123s] Invoked command in '/home/danh/Pro_1_ws/build/Project_1' returned '0': CMAKE_PREFIX_PATH=${CMAKE_PREFIX_PATH}:/opt/ros/humble /usr/bin/cmake /home/danh/Pro_1_ws/src/Project_1 -DCMAKE_INSTALL_PREFIX=/home/danh/Pro_1_ws/install/Project_1
[1.125s] Invoking command in '/home/danh/Pro_1_ws/build/Project_1': CMAKE_PREFIX_PATH=${CMAKE_PREFIX_PATH}:/opt/ros/humble /usr/bin/cmake --build /home/danh/Pro_1_ws/build/Project_1 -- -j16 -l16
[1.160s] Invoked command in '/home/danh/Pro_1_ws/build/Project_1' returned '0': CMAKE_PREFIX_PATH=${CMAKE_PREFIX_PATH}:/opt/ros/humble /usr/bin/cmake --build /home/danh/Pro_1_ws/build/Project_1 -- -j16 -l16
[1.168s] Invoking command in '/home/danh/Pro_1_ws/build/Project_1': CMAKE_PREFIX_PATH=${CMAKE_PREFIX_PATH}:/opt/ros/humble /usr/bin/cmake --install /home/danh/Pro_1_ws/build/Project_1
[1.174s] -- Install configuration: ""
[1.174s] -- Installing: /home/danh/Pro_1_ws/install/Project_1/share/ament_index/resource_index/package_run_dependencies/Project_1
[1.174s] -- Installing: /home/danh/Pro_1_ws/install/Project_1/share/ament_index/resource_index/parent_prefix_path/Project_1
[1.174s] -- Installing: /home/danh/Pro_1_ws/install/Project_1/share/Project_1/environment/ament_prefix_path.sh
[1.175s] -- Installing: /home/danh/Pro_1_ws/install/Project_1/share/Project_1/environment/ament_prefix_path.dsv
[1.175s] -- Installing: /home/danh/Pro_1_ws/install/Project_1/share/Project_1/environment/path.sh
[1.175s] -- Installing: /home/danh/Pro_1_ws/install/Project_1/share/Project_1/environment/path.dsv
[1.175s] -- Installing: /home/danh/Pro_1_ws/install/Project_1/share/Project_1/local_setup.bash
[1.175s] -- Installing: /home/danh/Pro_1_ws/install/Project_1/share/Project_1/local_setup.sh
[1.175s] -- Installing: /home/danh/Pro_1_ws/install/Project_1/share/Project_1/local_setup.zsh
[1.175s] -- Installing: /home/danh/Pro_1_ws/install/Project_1/share/Project_1/local_setup.dsv
[1.176s] -- Installing: /home/danh/Pro_1_ws/install/Project_1/share/Project_1/package.dsv
[1.176s] -- Installing: /home/danh/Pro_1_ws/install/Project_1/share/ament_index/resource_index/packages/Project_1
[1.176s] -- Installing: /home/danh/Pro_1_ws/install/Project_1/share/Project_1/cmake/Project_1Config.cmake
[1.176s] -- Installing: /home/danh/Pro_1_ws/install/Project_1/share/Project_1/cmake/Project_1Config-version.cmake
[1.176s] -- Installing: /home/danh/Pro_1_ws/install/Project_1/share/Project_1/package.xml
[1.178s] Invoked command in '/home/danh/Pro_1_ws/build/Project_1' returned '0': CMAKE_PREFIX_PATH=${CMAKE_PREFIX_PATH}:/opt/ros/humble /usr/bin/cmake --install /home/danh/Pro_1_ws/build/Project_1
